// Bun Snapshot v1, https://goo.gl/fbAQLP

exports[`getTokenPriceAtTimestamp should execute getTokenPriceAtTimestamp with specific parameters 1`] = `17.25638653634901`;
