// Bun Snapshot v1, https://bun.sh/docs/test/snapshots

exports[`getTokenDecimals should get token decimals for UNI token on Ethereum 1`] = `18`;

exports[`getTokenDecimals should get token decimals for USDC token on Base 1`] = `6`;
